purity: impure
∃!50, !51, !52, !53, !54.{A:{id(=!53):∀!55.!55 -> !55}, B:{id(=!54):unit -> unit}, F:{} ->P {}, M:{id(=!52):∀!56.!56 -> !56}, X:{x(=!50):pack (∃!57.{t(=!57):Type})}, Y:{t(=!51):Type}, S=∃!58.{t(=!58):Type}, p(=pack (∃!59.{t(=!59):Type})):Type}
