purity: pure
âˆƒ!5.{S={M:{t(=unit):Type}}, x(=!5):unit}
